{
  "id": 1,
  "title": "Dune",
  "author": "Gerbert",
  "description": "Description"
}